MPLINK 5.08, LINKER
Linker Map File - Created Fri Mar 01 11:54:47 2024

                                 Section Info
                  Section       Type    Address   Location Size(Bytes)
                ---------  ---------  ---------  ---------  ---------
                 RES_VECT       code   0x000000    program   0x000028
                   .cinit    romdata   0x000014    program   0x000004
.config_2007_BUILD/DEFAULT/PRODUCTION/LAMPADA       code   0x002007    program   0x000002



                              Program Memory Usage 
                               Start         End      
                           ---------   ---------      
                            0x000000    0x000015      
                            0x002007    0x002007      
            23 out of 2182 program addresses used, program memory utilization is 1%



                              Symbols - Sorted by Name
                     Name    Address   Location    Storage File                     
                ---------  ---------  ---------  --------- ---------                
             _ACENDE_LAMP   0x000012    program     static C:\Users\fulvi\MPLABXProjects\Testedalampada.X\Lampadapiscapisca.asm
                _LE_BOTAO   0x000007    program     static C:\Users\fulvi\MPLABXProjects\Testedalampada.X\Lampadapiscapisca.asm
              _ZERA_JA_LI   0x000004    program     static C:\Users\fulvi\MPLABXProjects\Testedalampada.X\Lampadapiscapisca.asm



                              Symbols - Sorted by Address
                     Name    Address   Location    Storage File                     
                ---------  ---------  ---------  --------- ---------                
              _ZERA_JA_LI   0x000004    program     static C:\Users\fulvi\MPLABXProjects\Testedalampada.X\Lampadapiscapisca.asm
                _LE_BOTAO   0x000007    program     static C:\Users\fulvi\MPLABXProjects\Testedalampada.X\Lampadapiscapisca.asm
             _ACENDE_LAMP   0x000012    program     static C:\Users\fulvi\MPLABXProjects\Testedalampada.X\Lampadapiscapisca.asm


