MPLINK 5.08, LINKER
Linker Map File - Created Fri Mar 08 12:10:18 2024

                                 Section Info
                  Section       Type    Address   Location Size(Bytes)
                ---------  ---------  ---------  ---------  ---------
                 RES_VECT       code   0x000000    program   0x000050
                   .cinit    romdata   0x000028    program   0x000004
.config_2007_BUILD/DEFAULT/PRODUCTION/CONTADO       code   0x002007    program   0x000002



                              Program Memory Usage 
                               Start         End      
                           ---------   ---------      
                            0x000000    0x000029      
                            0x002007    0x002007      
            43 out of 2182 program addresses used, program memory utilization is 1%



                              Symbols - Sorted by Name
                     Name    Address   Location    Storage File                     
                ---------  ---------  ---------  --------- ---------                
             BUSCA_CODIGO   0x00001d    program     static C:\Users\fulvi\MPLABXProjects\Contador0a10.X\Contador0a10.asm
          ESCREVE_DISPLAY   0x00001a    program     static C:\Users\fulvi\MPLABXProjects\Contador0a10.X\Contador0a10.asm
                _LE_BOTAO   0x00000a    program     static C:\Users\fulvi\MPLABXProjects\Contador0a10.X\Contador0a10.asm
              _ZERA_JA_LI   0x000007    program     static C:\Users\fulvi\MPLABXProjects\Contador0a10.X\Contador0a10.asm



                              Symbols - Sorted by Address
                     Name    Address   Location    Storage File                     
                ---------  ---------  ---------  --------- ---------                
              _ZERA_JA_LI   0x000007    program     static C:\Users\fulvi\MPLABXProjects\Contador0a10.X\Contador0a10.asm
                _LE_BOTAO   0x00000a    program     static C:\Users\fulvi\MPLABXProjects\Contador0a10.X\Contador0a10.asm
          ESCREVE_DISPLAY   0x00001a    program     static C:\Users\fulvi\MPLABXProjects\Contador0a10.X\Contador0a10.asm
             BUSCA_CODIGO   0x00001d    program     static C:\Users\fulvi\MPLABXProjects\Contador0a10.X\Contador0a10.asm


