MPLINK 5.08, LINKER
Linker Map File - Created Wed Mar 06 10:31:48 2024

                                 Section Info
                  Section       Type    Address   Location Size(Bytes)
                ---------  ---------  ---------  ---------  ---------
                 RES_VECT       code   0x000000    program   0x000064
                   .cinit    romdata   0x000032    program   0x000004
.config_2007_BUILD/DEFAULT/PRODUCTION/LIGAMOT       code   0x002007    program   0x000002



                              Program Memory Usage 
                               Start         End      
                           ---------   ---------      
                            0x000000    0x000033      
                            0x002007    0x002007      
            53 out of 1158 program addresses used, program memory utilization is 4%



                              Symbols - Sorted by Name
                     Name    Address   Location    Storage File                     
                ---------  ---------  ---------  --------- ---------                
         ANTIHORARIOPRESS   0x000015    program     static C:\Users\fulvi\MPLABXProjects\Tab2.X\LigaMotores.asm
             DESLIGAPRESS   0x000022    program     static C:\Users\fulvi\MPLABXProjects\Tab2.X\LigaMotores.asm
             HORARIOPRESS   0x000011    program     static C:\Users\fulvi\MPLABXProjects\Tab2.X\LigaMotores.asm
                      NO1   0x00000c    program     static C:\Users\fulvi\MPLABXProjects\Tab2.X\LigaMotores.asm
                      NO2   0x000018    program     static C:\Users\fulvi\MPLABXProjects\Tab2.X\LigaMotores.asm
                      NO3   0x00000e    program     static C:\Users\fulvi\MPLABXProjects\Tab2.X\LigaMotores.asm
                      NO4   0x00001d    program     static C:\Users\fulvi\MPLABXProjects\Tab2.X\LigaMotores.asm
                      NO5   0x000026    program     static C:\Users\fulvi\MPLABXProjects\Tab2.X\LigaMotores.asm
                      NO6   0x00002c    program     static C:\Users\fulvi\MPLABXProjects\Tab2.X\LigaMotores.asm



                              Symbols - Sorted by Address
                     Name    Address   Location    Storage File                     
                ---------  ---------  ---------  --------- ---------                
                      NO1   0x00000c    program     static C:\Users\fulvi\MPLABXProjects\Tab2.X\LigaMotores.asm
                      NO3   0x00000e    program     static C:\Users\fulvi\MPLABXProjects\Tab2.X\LigaMotores.asm
             HORARIOPRESS   0x000011    program     static C:\Users\fulvi\MPLABXProjects\Tab2.X\LigaMotores.asm
         ANTIHORARIOPRESS   0x000015    program     static C:\Users\fulvi\MPLABXProjects\Tab2.X\LigaMotores.asm
                      NO2   0x000018    program     static C:\Users\fulvi\MPLABXProjects\Tab2.X\LigaMotores.asm
                      NO4   0x00001d    program     static C:\Users\fulvi\MPLABXProjects\Tab2.X\LigaMotores.asm
             DESLIGAPRESS   0x000022    program     static C:\Users\fulvi\MPLABXProjects\Tab2.X\LigaMotores.asm
                      NO5   0x000026    program     static C:\Users\fulvi\MPLABXProjects\Tab2.X\LigaMotores.asm
                      NO6   0x00002c    program     static C:\Users\fulvi\MPLABXProjects\Tab2.X\LigaMotores.asm


